// Jest Snapshot v1, https://goo.gl/fbAQLP

exports[`HeaderContainer should match the snapshot 1`] = `
<section
  className="header-component"
>
  <Nav
    signOut={[MockFunction]}
  />
  <UserProfile
    name="Ayla"
    quote="she is an an average human"
    rating="master"
  />
</section>
`;
