// Jest Snapshot v1, https://goo.gl/fbAQLP

exports[`App Functionality  should match the snapshot 1`] = `
<main
  className="app"
>
  <Switch>
    <Route
      exact={true}
      path="/"
      render={[Function]}
    />
    <Route
      exact={true}
      path="/movies"
      render={[Function]}
    />
    <Route
      exact={true}
      path="/movies/:id/characters"
      render={[Function]}
    />
    <Route
      exact={true}
      path="/movies/:id/characters/favorites"
      render={[Function]}
    />
    <Route
      exact={true}
      path="/movies/:id"
      render={[Function]}
    />
  </Switch>
</main>
`;
